Warning: SQLSTATE[42000]: Syntax error or access violation: 1103 Incorrect table name 'untracked_asset_disposals '
Trace: #0 C:\xampp\htdocs\class_reports1\src\DatabaseMethods.php(71): PDOStatement->execute(Array)
#1 C:\xampp\htdocs\class_reports1\src\DatabaseMethods.php(105): Src\System\DatabaseMethods->query('SELECT * FROM `...', Array)
#2 C:\xampp\htdocs\class_reports1\functions.php(476): Src\System\DatabaseMethods->getData('SELECT * FROM `...', Array)
#3 C:\xampp\htdocs\class_reports1\functions.php(541): currentYearUntrackedAssets(Array, 'Motor Vehicles', '2023')
#4 C:\xampp\htdocs\class_reports1\index.php(96): getUntrackedAssetsByYear('2023', 'Motor Vehicles')
#5 {main}
Warning: SQLSTATE[42000]: Syntax error or access violation: 1103 Incorrect table name 'untracked_asset_disposals '
Trace: #0 C:\xampp\htdocs\class_reports1\src\DatabaseMethods.php(71): PDOStatement->execute(Array)
#1 C:\xampp\htdocs\class_reports1\src\DatabaseMethods.php(105): Src\System\DatabaseMethods->query('SELECT * FROM `...', Array)
#2 C:\xampp\htdocs\class_reports1\functions.php(476): Src\System\DatabaseMethods->getData('SELECT * FROM `...', Array)
#3 C:\xampp\htdocs\class_reports1\functions.php(541): currentYearUntrackedAssets(Array, 'Motor Vehicles', '2023')
#4 C:\xampp\htdocs\class_reports1\index.php(96): getUntrackedAssetsByYear('2023', 'Motor Vehicles')
#5 {main}
Warning: SQLSTATE[42000]: Syntax error or access violation: 1103 Incorrect table name 'untracked_asset_disposals '
Trace: #0 C:\xampp\htdocs\class_reports1\src\DatabaseMethods.php(71): PDOStatement->execute(Array)
#1 C:\xampp\htdocs\class_reports1\src\DatabaseMethods.php(105): Src\System\DatabaseMethods->query('SELECT * FROM `...', Array)
#2 C:\xampp\htdocs\class_reports1\functions.php(476): Src\System\DatabaseMethods->getData('SELECT * FROM `...', Array)
#3 C:\xampp\htdocs\class_reports1\functions.php(542): currentYearUntrackedAssets(Array, 'Motor Vehicles', '2023')
#4 C:\xampp\htdocs\class_reports1\index.php(96): getUntrackedAssetsByYear('2023', 'Motor Vehicles')
#5 {main}
Warning: SQLSTATE[42000]: Syntax error or access violation: 1103 Incorrect table name 'untracked_asset_disposals '
Trace: #0 C:\xampp\htdocs\class_reports1\src\DatabaseMethods.php(71): PDOStatement->execute(Array)
#1 C:\xampp\htdocs\class_reports1\src\DatabaseMethods.php(105): Src\System\DatabaseMethods->query('SELECT * FROM `...', Array)
#2 C:\xampp\htdocs\class_reports1\functions.php(476): Src\System\DatabaseMethods->getData('SELECT * FROM `...', Array)
#3 C:\xampp\htdocs\class_reports1\functions.php(542): currentYearUntrackedAssets(Array, 'Motor Vehicles', '2023')
#4 C:\xampp\htdocs\class_reports1\index.php(96): getUntrackedAssetsByYear('2023', 'Motor Vehicles')
#5 {main}
Warning: SQLSTATE[42000]: Syntax error or access violation: 1103 Incorrect table name 'untracked_asset_disposals '
Trace: #0 C:\xampp\htdocs\class_reports1\src\DatabaseMethods.php(71): PDOStatement->execute(Array)
#1 C:\xampp\htdocs\class_reports1\src\DatabaseMethods.php(105): Src\System\DatabaseMethods->query('SELECT * FROM `...', Array)
#2 C:\xampp\htdocs\class_reports1\functions.php(476): Src\System\DatabaseMethods->getData('SELECT * FROM `...', Array)
#3 C:\xampp\htdocs\class_reports1\functions.php(542): currentYearUntrackedAssets(Array, 'Motor Vehicles', '2023')
#4 C:\xampp\htdocs\class_reports1\index.php(96): getUntrackedAssetsByYear('2023', 'Motor Vehicles')
#5 {main}
Warning: SQLSTATE[42S22]: Column not found: 1054 Unknown column 'asset_class' in 'where clause'
Trace: #0 C:\xampp\htdocs\class_reports1\src\DatabaseMethods.php(71): PDOStatement->execute(Array)
#1 C:\xampp\htdocs\class_reports1\src\DatabaseMethods.php(105): Src\System\DatabaseMethods->query('SELECT * FROM `...', Array)
#2 C:\xampp\htdocs\class_reports1\functions.php(680): Src\System\DatabaseMethods->getData('SELECT * FROM `...', Array)
#3 C:\xampp\htdocs\class_reports1\index.php(96): getUntrackedAssetsByYear('2024', 'Motor Vehicles')
#4 {main}
Warning: SQLSTATE[42S22]: Column not found: 1054 Unknown column 'asset_class' in 'where clause'
Trace: #0 C:\xampp\htdocs\class_reports1\src\DatabaseMethods.php(71): PDOStatement->execute(Array)
#1 C:\xampp\htdocs\class_reports1\src\DatabaseMethods.php(105): Src\System\DatabaseMethods->query('SELECT * FROM `...', Array)
#2 C:\xampp\htdocs\class_reports1\functions.php(680): Src\System\DatabaseMethods->getData('SELECT * FROM `...', Array)
#3 C:\xampp\htdocs\class_reports1\index.php(96): getUntrackedAssetsByYear('2024', 'Motor Vehicles')
#4 {main}
Warning: SQLSTATE[42S22]: Column not found: 1054 Unknown column 'asset_class' in 'where clause'
Trace: #0 C:\xampp\htdocs\class_reports1\src\DatabaseMethods.php(71): PDOStatement->execute(Array)
#1 C:\xampp\htdocs\class_reports1\src\DatabaseMethods.php(105): Src\System\DatabaseMethods->query('SELECT * FROM `...', Array)
#2 C:\xampp\htdocs\class_reports1\functions.php(680): Src\System\DatabaseMethods->getData('SELECT * FROM `...', Array)
#3 C:\xampp\htdocs\class_reports1\index.php(96): getUntrackedAssetsByYear('2024', 'Motor Vehicles')
#4 {main}
Warning: SQLSTATE[42S22]: Column not found: 1054 Unknown column 'asset_class' in 'where clause'
Trace: #0 C:\xampp\htdocs\class_reports1\src\DatabaseMethods.php(71): PDOStatement->execute(Array)
#1 C:\xampp\htdocs\class_reports1\src\DatabaseMethods.php(105): Src\System\DatabaseMethods->query('SELECT * FROM `...', Array)
#2 C:\xampp\htdocs\class_reports1\functions.php(680): Src\System\DatabaseMethods->getData('SELECT * FROM `...', Array)
#3 C:\xampp\htdocs\class_reports1\index.php(96): getUntrackedAssetsByYear('2024', 'Motor Vehicles')
#4 {main}
Warning: SQLSTATE[42S02]: Base table or view not found: 1146 Table 'asset_register.asset_class_opbal_year' doesn't exist
Trace: #0 C:\wamp642\www\asset_register\schedule_officer\reports\class_reports1\src\DatabaseMethods.php(71): PDOStatement->execute(Array)
#1 C:\wamp642\www\asset_register\schedule_officer\reports\class_reports1\src\DatabaseMethods.php(105): Src\System\DatabaseMethods->query('SELECT * FROM `...', Array)
#2 C:\wamp642\www\asset_register\schedule_officer\reports\class_reports1\functions.php(35): Src\System\DatabaseMethods->getData('SELECT * FROM `...', Array)
#3 C:\wamp642\www\asset_register\schedule_officer\reports\class_reports1\index.php(96): getUntrackedAssetsByYear('2020', 'Motor Vehicles')
#4 {main}
Warning: SQLSTATE[42S02]: Base table or view not found: 1146 Table 'asset_register.asset_class_opbal_year' doesn't exist
Trace: #0 C:\wamp642\www\asset_register\schedule_officer\reports\class_reports1\src\DatabaseMethods.php(71): PDOStatement->execute(Array)
#1 C:\wamp642\www\asset_register\schedule_officer\reports\class_reports1\src\DatabaseMethods.php(105): Src\System\DatabaseMethods->query('SELECT * FROM `...', Array)
#2 C:\wamp642\www\asset_register\schedule_officer\reports\class_reports1\functions.php(35): Src\System\DatabaseMethods->getData('SELECT * FROM `...', Array)
#3 C:\wamp642\www\asset_register\schedule_officer\reports\class_reports1\index.php(96): getUntrackedAssetsByYear('2023', 'Motor Vehicles')
#4 {main}
Warning: SQLSTATE[42S02]: Base table or view not found: 1146 Table 'asset_register.asset_class_opbal_year' doesn't exist
Trace: #0 C:\wamp642\www\asset_register\schedule_officer\reports\class_reports1\src\DatabaseMethods.php(71): PDOStatement->execute(Array)
#1 C:\wamp642\www\asset_register\schedule_officer\reports\class_reports1\src\DatabaseMethods.php(105): Src\System\DatabaseMethods->query('SELECT * FROM `...', Array)
#2 C:\wamp642\www\asset_register\schedule_officer\reports\class_reports1\functions.php(35): Src\System\DatabaseMethods->getData('SELECT * FROM `...', Array)
#3 C:\wamp642\www\asset_register\schedule_officer\reports\class_reports1\index.php(96): getUntrackedAssetsByYear('2024', 'Motor Vehicles')
#4 {main}
